2026-08-19 20:10:10 | common | default_trace_id | INFO | Registered connector pool type: default
2026-08-19 20:10:13 | common | default_trace_id | INFO | Registered connector pool type: httpx
2026-08-19 20:10:15 | common | default_trace_id | INFO | Registered query expression support for milvus
2026-08-19 20:10:15 | common | default_trace_id | INFO | Registered query expression support for chroma
2026-08-19 20:10:16 | common | default_trace_id | INFO | Registered parser ExcelParser for .xlsx
2026-08-19 20:10:16 | common | default_trace_id | INFO | Registered parser ExcelParser for .csv
2026-08-19 20:10:16 | common | default_trace_id | INFO | Registered parser ExcelParser for .tsv
2026-08-19 20:10:16 | common | default_trace_id | INFO | Registered parser TxtMdParser for .txt
2026-08-19 20:10:16 | common | default_trace_id | INFO | Registered parser TxtMdParser for .md
2026-08-19 20:10:16 | common | default_trace_id | INFO | Registered parser TxtMdParser for .markdown
2026-08-19 20:10:16 | common | default_trace_id | INFO | Registered parser HTMLFileParser for .htm
2026-08-19 20:10:16 | common | default_trace_id | INFO | Registered parser HTMLFileParser for .html
2026-08-19 20:10:16 | common | default_trace_id | INFO | Registered parser JSONParser for .json
2026-08-19 20:10:16 | common | default_trace_id | INFO | Registered parser PDFParser for .pdf
2026-08-19 20:10:16 | common | default_trace_id | INFO | Registered parser WordParser for .docx
2026-08-19 20:10:16 | common | default_trace_id | INFO | Registered parser ImageParser for .png
2026-08-19 20:10:16 | common | default_trace_id | INFO | Registered parser ImageParser for .jpg
2026-08-19 20:10:16 | common | default_trace_id | INFO | Registered parser ImageParser for .jpeg
2026-08-19 20:10:16 | common | default_trace_id | INFO | Registered parser ImageParser for .webp
2026-08-19 20:10:16 | common | default_trace_id | INFO | Registered parser ImageParser for .gif
2026-08-19 20:10:16 | common | default_trace_id | INFO | Registered parser ImageParser for .jfif
2026-08-19 21:11:37 | common | default_trace_id | INFO | Registered connector pool type: default
2026-08-19 21:11:39 | common | default_trace_id | INFO | Registered connector pool type: httpx
2026-08-19 21:11:40 | common | default_trace_id | INFO | Registered query expression support for milvus
2026-08-19 21:11:40 | common | default_trace_id | INFO | Registered query expression support for chroma
2026-08-19 21:11:41 | common | default_trace_id | INFO | Registered parser ExcelParser for .xlsx
2026-08-19 21:11:41 | common | default_trace_id | INFO | Registered parser ExcelParser for .csv
2026-08-19 21:11:41 | common | default_trace_id | INFO | Registered parser ExcelParser for .tsv
2026-08-19 21:11:41 | common | default_trace_id | INFO | Registered parser TxtMdParser for .txt
2026-08-19 21:11:41 | common | default_trace_id | INFO | Registered parser TxtMdParser for .md
2026-08-19 21:11:41 | common | default_trace_id | INFO | Registered parser TxtMdParser for .markdown
2026-08-19 21:11:41 | common | default_trace_id | INFO | Registered parser HTMLFileParser for .htm
2026-08-19 21:11:41 | common | default_trace_id | INFO | Registered parser HTMLFileParser for .html
2026-08-19 21:11:41 | common | default_trace_id | INFO | Registered parser JSONParser for .json
2026-08-19 21:11:41 | common | default_trace_id | INFO | Registered parser PDFParser for .pdf
2026-08-19 21:11:41 | common | default_trace_id | INFO | Registered parser WordParser for .docx
2026-08-19 21:11:41 | common | default_trace_id | INFO | Registered parser ImageParser for .png
2026-08-19 21:11:41 | common | default_trace_id | INFO | Registered parser ImageParser for .jpg
2026-08-19 21:11:41 | common | default_trace_id | INFO | Registered parser ImageParser for .jpeg
2026-08-19 21:11:41 | common | default_trace_id | INFO | Registered parser ImageParser for .webp
2026-08-19 21:11:41 | common | default_trace_id | INFO | Registered parser ImageParser for .gif
2026-08-19 21:11:41 | common | default_trace_id | INFO | Registered parser ImageParser for .jfif
2026-08-19 21:18:16 | common | default_trace_id | INFO | Registered connector pool type: default
2026-08-19 21:18:17 | common | default_trace_id | INFO | Registered connector pool type: httpx
2026-08-19 21:18:18 | common | default_trace_id | INFO | Registered query expression support for milvus
2026-08-19 21:18:18 | common | default_trace_id | INFO | Registered query expression support for chroma
2026-08-19 21:18:18 | common | default_trace_id | INFO | Registered parser ExcelParser for .xlsx
2026-08-19 21:18:18 | common | default_trace_id | INFO | Registered parser ExcelParser for .csv
2026-08-19 21:18:18 | common | default_trace_id | INFO | Registered parser ExcelParser for .tsv
2026-08-19 21:18:18 | common | default_trace_id | INFO | Registered parser TxtMdParser for .txt
2026-08-19 21:18:18 | common | default_trace_id | INFO | Registered parser TxtMdParser for .md
2026-08-19 21:18:18 | common | default_trace_id | INFO | Registered parser TxtMdParser for .markdown
2026-08-19 21:18:18 | common | default_trace_id | INFO | Registered parser HTMLFileParser for .htm
2026-08-19 21:18:18 | common | default_trace_id | INFO | Registered parser HTMLFileParser for .html
2026-08-19 21:18:18 | common | default_trace_id | INFO | Registered parser JSONParser for .json
2026-08-19 21:18:18 | common | default_trace_id | INFO | Registered parser PDFParser for .pdf
2026-08-19 21:18:18 | common | default_trace_id | INFO | Registered parser WordParser for .docx
2026-08-19 21:18:18 | common | default_trace_id | INFO | Registered parser ImageParser for .png
2026-08-19 21:18:18 | common | default_trace_id | INFO | Registered parser ImageParser for .jpg
2026-08-19 21:18:18 | common | default_trace_id | INFO | Registered parser ImageParser for .jpeg
2026-08-19 21:18:18 | common | default_trace_id | INFO | Registered parser ImageParser for .webp
2026-08-19 21:18:18 | common | default_trace_id | INFO | Registered parser ImageParser for .gif
2026-08-19 21:18:18 | common | default_trace_id | INFO | Registered parser ImageParser for .jfif
2026-08-20 22:20:38 | common | default_trace_id | INFO | Registered connector pool type: default
2026-08-20 22:20:43 | common | default_trace_id | INFO | Registered connector pool type: httpx
2026-08-20 22:20:47 | common | default_trace_id | INFO | Registered query expression support for milvus
2026-08-20 22:20:47 | common | default_trace_id | INFO | Registered query expression support for chroma
2026-08-20 22:20:48 | common | default_trace_id | INFO | Registered parser ExcelParser for .xlsx
2026-08-20 22:20:48 | common | default_trace_id | INFO | Registered parser ExcelParser for .csv
2026-08-20 22:20:48 | common | default_trace_id | INFO | Registered parser ExcelParser for .tsv
2026-08-20 22:20:48 | common | default_trace_id | INFO | Registered parser TxtMdParser for .txt
2026-08-20 22:20:48 | common | default_trace_id | INFO | Registered parser TxtMdParser for .md
2026-08-20 22:20:48 | common | default_trace_id | INFO | Registered parser TxtMdParser for .markdown
2026-08-20 22:20:48 | common | default_trace_id | INFO | Registered parser HTMLFileParser for .htm
2026-08-20 22:20:48 | common | default_trace_id | INFO | Registered parser HTMLFileParser for .html
2026-08-20 22:20:48 | common | default_trace_id | INFO | Registered parser JSONParser for .json
2026-08-20 22:20:49 | common | default_trace_id | INFO | Registered parser PDFParser for .pdf
2026-08-20 22:20:49 | common | default_trace_id | INFO | Registered parser WordParser for .docx
2026-08-20 22:20:49 | common | default_trace_id | INFO | Registered parser ImageParser for .png
2026-08-20 22:20:49 | common | default_trace_id | INFO | Registered parser ImageParser for .jpg
2026-08-20 22:20:49 | common | default_trace_id | INFO | Registered parser ImageParser for .jpeg
2026-08-20 22:20:49 | common | default_trace_id | INFO | Registered parser ImageParser for .webp
2026-08-20 22:20:49 | common | default_trace_id | INFO | Registered parser ImageParser for .gif
2026-08-20 22:20:49 | common | default_trace_id | INFO | Registered parser ImageParser for .jfif
